// Jest Snapshot v1, https://goo.gl/fbAQLP

exports[`The Display Appearance Matches the Snapshot 1`] = `
<div
  className="display"
>
  <h2>
    0
  </h2>
</div>
`;
