// Jest Snapshot v1, https://goo.gl/fbAQLP

exports[`The appearance of the calculator Matches the Calculator snapshot 1`] = `
<div>
  <div
    className="navbarContainer"
  >
    <div
      className="navbarTitle"
    >
      <h1>
        Math Magicians
      </h1>
    </div>
    <div
      className="navbarLinks"
    >
      <a
        href="/"
      >
        Home 
      </a>
      <span>
         | 
      </span>
      <a
        href="/Calculator"
      >
        Calculator 
      </a>
      <span>
         | 
      </span>
      <a
        href="/Quote"
      >
        Quote 
      </a>
    </div>
  </div>
  <div
    className="calculatorContainer"
  >
    <div
      className="calculatorBlurb"
    >
      <h4>
        Let's Math It Up Nerds
      </h4>
    </div>
    <div
      className="calculator"
    >
      0
      <div
        className="buttonPanel"
      >
        <div
          className="row"
          id="group1"
        >
          <div
            className="button"
          >
            <button
              className="grey"
              id="AC"
              onClick={[Function]}
              type="button"
            >
              AC
            </button>
          </div>
          <div
            className="button"
          >
            <button
              className="grey"
              id="+/-"
              onClick={[Function]}
              type="button"
            >
              +/-
            </button>
          </div>
          <div
            className="button"
          >
            <button
              className="grey"
              id="%"
              onClick={[Function]}
              type="button"
            >
              %
            </button>
          </div>
          <div
            className="button"
          >
            <button
              className="orange"
              id="รท"
              onClick={[Function]}
              type="button"
            >
              รท
            </button>
          </div>
        </div>
        <div
          className="row"
          id="group2"
        >
          <div
            className="button"
          >
            <button
              className="grey"
              id="7"
              onClick={[Function]}
              type="button"
            >
              7
            </button>
          </div>
          <div
            className="button"
          >
            <button
              className="grey"
              id="8"
              onClick={[Function]}
              type="button"
            >
              8
            </button>
          </div>
          <div
            className="button"
          >
            <button
              className="grey"
              id="9"
              onClick={[Function]}
              type="button"
            >
              9
            </button>
          </div>
          <div
            className="button"
          >
            <button
              className="orange"
              id="x"
              onClick={[Function]}
              type="button"
            >
              x
            </button>
          </div>
        </div>
        <div
          className="row"
          id="group3"
        >
          <div
            className="button"
          >
            <button
              className="grey"
              id="4"
              onClick={[Function]}
              type="button"
            >
              4
            </button>
          </div>
          <div
            className="button"
          >
            <button
              className="grey"
              id="5"
              onClick={[Function]}
              type="button"
            >
              5
            </button>
          </div>
          <div
            className="button"
          >
            <button
              className="grey"
              id="6"
              onClick={[Function]}
              type="button"
            >
              6
            </button>
          </div>
          <div
            className="button"
          >
            <button
              className="orange"
              id="-"
              onClick={[Function]}
              type="button"
            >
              -
            </button>
          </div>
        </div>
        <div
          className="row"
          id="group4"
        >
          <div
            className="button"
          >
            <button
              className="grey"
              id="1"
              onClick={[Function]}
              type="button"
            >
              1
            </button>
          </div>
          <div
            className="button"
          >
            <button
              className="grey"
              id="2"
              onClick={[Function]}
              type="button"
            >
              2
            </button>
          </div>
          <div
            className="button"
          >
            <button
              className="grey"
              id="3"
              onClick={[Function]}
              type="button"
            >
              3
            </button>
          </div>
          <div
            className="button"
          >
            <button
              className="orange"
              id="+"
              onClick={[Function]}
              type="button"
            >
              +
            </button>
          </div>
        </div>
        <div
          className="row"
          id="group5"
        >
          <div
            className="zeroButton"
          >
            <button
              className="grey"
              id="0"
              onClick={[Function]}
              type="button"
            >
              0
            </button>
          </div>
          <div
            className="button"
          >
            <button
              className="grey"
              id="."
              onClick={[Function]}
              type="button"
            >
              .
            </button>
          </div>
          <div
            className="button"
          >
            <button
              className="orange"
              id="="
              onClick={[Function]}
              type="button"
            >
              =
            </button>
          </div>
        </div>
      </div>
    </div>
  </div>
</div>
`;
